23:44:48 **** Incremental Build of configuration Debug for project HelloWorld_STM32_Dainguyen ****
make -j8 all 
Building file: ../src/main.c
Invoking: MCU GCC Compiler
C:\Users\Utilisateur\workspace\HelloWorld_STM32_Dainguyen\Debug
arm-none-eabi-gcc -mcpu=cortex-m4 -mthumb -mfloat-abi=hard -mfpu=fpv4-sp-d16 -DSTM32 -DSTM32F4 -DSTM32F407VGTx -DSTM32F407G_DISC1 -DDEBUG -DSTM32F40XX -DSTM32F40_41xxx -DUSE_STDPERIPH_DRIVER -I"C:/Users/Utilisateur/workspace/HelloWorld_STM32_Dainguyen/StdPeriph_Driver/inc" -I"C:/Users/Utilisateur/workspace/HelloWorld_STM32_Dainguyen/Config" -I"C:/Users/Utilisateur/workspace/HelloWorld_STM32_Dainguyen/ThirdParty/FreeRTOS/org/Source/portable/GCC/ARM_CM4F" -I"C:/Users/Utilisateur/workspace/HelloWorld_STM32_Dainguyen/ThirdParty/FreeRTOS/org/Source/include" -I"C:/Users/Utilisateur/workspace/HelloWorld_STM32_Dainguyen/inc" -I"C:/Users/Utilisateur/workspace/HelloWorld_STM32_Dainguyen/CMSIS/device" -I"C:/Users/Utilisateur/workspace/HelloWorld_STM32_Dainguyen/CMSIS/core" -O0 -g3 -Wall -fmessage-length=0 -ffunction-sections -c -MMD -MP -MF"src/main.d" -MT"src/main.o" -o "src/main.o" "../src/main.c"
In file included from ../src/main.c:14:0:
C:/Users/Utilisateur/workspace/HelloWorld_STM32_Dainguyen/CMSIS/device/stm32f4xx.h:108:0: warning: "STM32F40_41xxx" redefined
   #define STM32F40_41xxx
 
<command-line>:0:0: note: this is the location of the previous definition
Finished building: ../src/main.c
 
Building target: HelloWorld_STM32_Dainguyen.elf
Invoking: MCU GCC Linker
arm-none-eabi-gcc -mcpu=cortex-m4 -mthumb -mfloat-abi=hard -mfpu=fpv4-sp-d16 -specs=rdimon.specs -lc -lrdimon -T"C:/Users/Utilisateur/workspace/HelloWorld_STM32_Dainguyen/LinkerScript.ld" -Wl,-Map=output.map -Wl,--gc-sections -o "HelloWorld_STM32_Dainguyen.elf" @"objects.list"   -lm
Finished building target: HelloWorld_STM32_Dainguyen.elf
 
make --no-print-directory post-build
Generating binary and Printing size information:
arm-none-eabi-objcopy -O binary "HelloWorld_STM32_Dainguyen.elf" "HelloWorld_STM32_Dainguyen.bin"
arm-none-eabi-size "HelloWorld_STM32_Dainguyen.elf"
   text	   data	    bss	    dec	    hex	filename
   8184	   1120	  78444	  87748	  156c4	HelloWorld_STM32_Dainguyen.elf
 
23:44:58 **** Programming project HelloWorld_STM32_Dainguyen on chip ****
"C:\\Ac6\\SystemWorkbench\\plugins\\fr.ac6.mcu.externaltools.openocd.win32_1.21.0.201811131241\\tools\\openocd\\bin\\openocd.exe" -f stm32.flash.8151499035829475498.cfg -s "C:\\Users\\Utilisateur\\workspace\\HelloWorld_STM32_Dainguyen" -s "C:\\Ac6\\SystemWorkbench\\plugins\\fr.ac6.mcu.debug_2.3.1.201811131241\\resources\\openocd\\st_scripts" -c "program Debug/HelloWorld_STM32_Dainguyen.elf verify reset exit" 
Open On-Chip Debugger 0.10.0-dev-00015-gaaf1808 (2018-11-13-13:07)
Licensed under GNU GPL v2
For bug reports, read
	http://openocd.org/doc/doxygen/bugs.html
srst_only separate srst_nogate srst_open_drain connect_assert_srst
Info : The selected transport took over low-level target control. The results might differ compared to plain JTAG/SWD
adapter_nsrst_delay: 100
adapter speed: 1800 kHz
Info : clock speed 1800 kHz
Info : STLINK v2.1 JTAG v25 API v2 M14 VID 0x0483 PID 0x374B
Info : using stlink api v2
Info : Target voltage: 2.895575
Info : Stlink adapter speed set to 1800 kHz
Info : STM32F407VGTx.cpu: hardware has 6 breakpoints, 4 watchpoints
Info : Stlink adapter speed set to 1800 kHz
adapter speed: 1800 kHz
target halted due to debug-request, current mode: Thread 
xPSR: 0x01000000 pc: 0x08001f4c msp: 0x20020000
configuring PLL
Info : Stlink adapter speed set to 4000 kHz
adapter speed: 4000 kHz
** Programming Started **
auto erase enabled
Info : device id = 0x10076413
Info : flash size = 1024kbytes
target halted due to breakpoint, current mode: Thread 
xPSR: 0x61000000 pc: 0x20000046 msp: 0x20020000
wrote 16384 bytes from file Debug/HelloWorld_STM32_Dainguyen.elf in 0.585844s (27.311 KiB/s)
** Programming Finished **
** Verify Started **
target halted due to breakpoint, current mode: Thread 
xPSR: 0x61000000 pc: 0x2000002e msp: 0x20020000
target halted due to breakpoint, current mode: Thread 
xPSR: 0x61000000 pc: 0x2000002e msp: 0x20020000
verified 9328 bytes in 0.144240s (63.154 KiB/s)
** Verified OK **
** Resetting Target **
Info : Stlink adapter speed set to 1800 kHz
adapter speed: 1800 kHz
shutdown command invoked
23:45:23 **** Programming project HelloWorld_STM32_Dainguyen on chip ****
"C:\\Ac6\\SystemWorkbench\\plugins\\fr.ac6.mcu.externaltools.openocd.win32_1.21.0.201811131241\\tools\\openocd\\bin\\openocd.exe" -f stm32.flash.5860594806621839546.cfg -s "C:\\Users\\Utilisateur\\workspace\\HelloWorld_STM32_Dainguyen" -s "C:\\Ac6\\SystemWorkbench\\plugins\\fr.ac6.mcu.debug_2.3.1.201811131241\\resources\\openocd\\st_scripts" -c "program Debug/HelloWorld_STM32_Dainguyen.elf verify reset exit" 
Open On-Chip Debugger 0.10.0-dev-00015-gaaf1808 (2018-11-13-13:07)
Licensed under GNU GPL v2
For bug reports, read
	http://openocd.org/doc/doxygen/bugs.html
srst_only separate srst_nogate srst_open_drain connect_assert_srst
Info : The selected transport took over low-level target control. The results might differ compared to plain JTAG/SWD
adapter_nsrst_delay: 100
adapter speed: 1800 kHz
Info : clock speed 1800 kHz
Info : STLINK v2.1 JTAG v25 API v2 M14 VID 0x0483 PID 0x374B
Info : using stlink api v2
Info : Target voltage: 2.895575
Info : Stlink adapter speed set to 1800 kHz
Info : STM32F407VGTx.cpu: hardware has 6 breakpoints, 4 watchpoints
Info : Stlink adapter speed set to 1800 kHz
adapter speed: 1800 kHz
target halted due to debug-request, current mode: Thread 
xPSR: 0x01000000 pc: 0x08001f4c msp: 0x20020000
configuring PLL
Info : Stlink adapter speed set to 4000 kHz
adapter speed: 4000 kHz
** Programming Started **
auto erase enabled
Info : device id = 0x10076413
Info : flash size = 1024kbytes
target halted due to breakpoint, current mode: Thread 
xPSR: 0x61000000 pc: 0x20000046 msp: 0x20020000
wrote 16384 bytes from file Debug/HelloWorld_STM32_Dainguyen.elf in 0.596695s (26.814 KiB/s)
** Programming Finished **
** Verify Started **
target halted due to breakpoint, current mode: Thread 
xPSR: 0x61000000 pc: 0x2000002e msp: 0x20020000
target halted due to breakpoint, current mode: Thread 
xPSR: 0x61000000 pc: 0x2000002e msp: 0x20020000
verified 9328 bytes in 0.141915s (64.189 KiB/s)
** Verified OK **
** Resetting Target **
Info : Stlink adapter speed set to 1800 kHz
adapter speed: 1800 kHz
shutdown command invoked
